0c0000000708646563696d616c7301000000000000000000000000000000120c6d696e7465722d627974657302000000021234046e616d650d000000046e616d650c736f757263652d636861696e0d00000005636861696e0673796d626f6c0d0000000673796d626f6c08746f6b656e2d69640200000020753306c46380848b5189cd9db90107b15d25decccd93dcb175c0098958f18b6f04747970650100000000000000000000000000000001