0c0000000706616d6f756e7401000000000000000000000000000000010464617461020000000212341364657374696e6174696f6e2d616464726573730200000001100e736f757263652d616464726573730200000001000c736f757263652d636861696e0d00000005636861696e08746f6b656e2d69640200000020753306c46380848b5189cd9db90107b15d25decccd93dcb175c0098958f18b6f04747970650100000000000000000000000000000000